<?xml version="1.0"?>
<link_info>
   <banner>MSP430 Linker Unix v4.2.1</banner>
   <copyright>Copyright (c) 2003-2013 Texas Instruments Incorporated</copyright>
   <link_time>0x54f0b03e</link_time>
   <link_errors>0x0</link_errors>
   <output_file>lab_02a_ccs.out</output_file>
   <entry_point>
      <name>_c_int00</name>
      <address>0x4422</address>
   </entry_point>
   <input_file_list>
      <input_file id="fl-2">
         <path>./</path>
         <kind>object</kind>
         <file>hello.obj</file>
         <name>hello.obj</name>
      </input_file>
      <input_file id="fl-22">
         <path>/home/syed/CCS/ccsv5/tools/compiler/msp430_4.2.1/lib/</path>
         <kind>archive</kind>
         <file>rts430x_lc_sd_eabi.lib</file>
         <name>boot.obj</name>
      </input_file>
      <input_file id="fl-23">
         <path>/home/syed/CCS/ccsv5/tools/compiler/msp430_4.2.1/lib/</path>
         <kind>archive</kind>
         <file>rts430x_lc_sd_eabi.lib</file>
         <name>copy_decompress_none.obj</name>
      </input_file>
      <input_file id="fl-24">
         <path>/home/syed/CCS/ccsv5/tools/compiler/msp430_4.2.1/lib/</path>
         <kind>archive</kind>
         <file>rts430x_lc_sd_eabi.lib</file>
         <name>copy_decompress_rle.obj</name>
      </input_file>
      <input_file id="fl-25">
         <path>/home/syed/CCS/ccsv5/tools/compiler/msp430_4.2.1/lib/</path>
         <kind>archive</kind>
         <file>rts430x_lc_sd_eabi.lib</file>
         <name>copy_zero_init.obj</name>
      </input_file>
      <input_file id="fl-26">
         <path>/home/syed/CCS/ccsv5/tools/compiler/msp430_4.2.1/lib/</path>
         <kind>archive</kind>
         <file>rts430x_lc_sd_eabi.lib</file>
         <name>cpy_util.obj</name>
      </input_file>
      <input_file id="fl-27">
         <path>/home/syed/CCS/ccsv5/tools/compiler/msp430_4.2.1/lib/</path>
         <kind>archive</kind>
         <file>rts430x_lc_sd_eabi.lib</file>
         <name>exit.obj</name>
      </input_file>
      <input_file id="fl-28">
         <path>/home/syed/CCS/ccsv5/tools/compiler/msp430_4.2.1/lib/</path>
         <kind>archive</kind>
         <file>rts430x_lc_sd_eabi.lib</file>
         <name>int41.obj</name>
      </input_file>
      <input_file id="fl-29">
         <path>/home/syed/CCS/ccsv5/tools/compiler/msp430_4.2.1/lib/</path>
         <kind>archive</kind>
         <file>rts430x_lc_sd_eabi.lib</file>
         <name>int42.obj</name>
      </input_file>
      <input_file id="fl-2a">
         <path>/home/syed/CCS/ccsv5/tools/compiler/msp430_4.2.1/lib/</path>
         <kind>archive</kind>
         <file>rts430x_lc_sd_eabi.lib</file>
         <name>int43.obj</name>
      </input_file>
      <input_file id="fl-2b">
         <path>/home/syed/CCS/ccsv5/tools/compiler/msp430_4.2.1/lib/</path>
         <kind>archive</kind>
         <file>rts430x_lc_sd_eabi.lib</file>
         <name>int44.obj</name>
      </input_file>
      <input_file id="fl-2c">
         <path>/home/syed/CCS/ccsv5/tools/compiler/msp430_4.2.1/lib/</path>
         <kind>archive</kind>
         <file>rts430x_lc_sd_eabi.lib</file>
         <name>int45.obj</name>
      </input_file>
      <input_file id="fl-2d">
         <path>/home/syed/CCS/ccsv5/tools/compiler/msp430_4.2.1/lib/</path>
         <kind>archive</kind>
         <file>rts430x_lc_sd_eabi.lib</file>
         <name>int46.obj</name>
      </input_file>
      <input_file id="fl-2e">
         <path>/home/syed/CCS/ccsv5/tools/compiler/msp430_4.2.1/lib/</path>
         <kind>archive</kind>
         <file>rts430x_lc_sd_eabi.lib</file>
         <name>int47.obj</name>
      </input_file>
      <input_file id="fl-2f">
         <path>/home/syed/CCS/ccsv5/tools/compiler/msp430_4.2.1/lib/</path>
         <kind>archive</kind>
         <file>rts430x_lc_sd_eabi.lib</file>
         <name>int48.obj</name>
      </input_file>
      <input_file id="fl-30">
         <path>/home/syed/CCS/ccsv5/tools/compiler/msp430_4.2.1/lib/</path>
         <kind>archive</kind>
         <file>rts430x_lc_sd_eabi.lib</file>
         <name>int49.obj</name>
      </input_file>
      <input_file id="fl-31">
         <path>/home/syed/CCS/ccsv5/tools/compiler/msp430_4.2.1/lib/</path>
         <kind>archive</kind>
         <file>rts430x_lc_sd_eabi.lib</file>
         <name>int50.obj</name>
      </input_file>
      <input_file id="fl-32">
         <path>/home/syed/CCS/ccsv5/tools/compiler/msp430_4.2.1/lib/</path>
         <kind>archive</kind>
         <file>rts430x_lc_sd_eabi.lib</file>
         <name>int51.obj</name>
      </input_file>
      <input_file id="fl-33">
         <path>/home/syed/CCS/ccsv5/tools/compiler/msp430_4.2.1/lib/</path>
         <kind>archive</kind>
         <file>rts430x_lc_sd_eabi.lib</file>
         <name>int52.obj</name>
      </input_file>
      <input_file id="fl-34">
         <path>/home/syed/CCS/ccsv5/tools/compiler/msp430_4.2.1/lib/</path>
         <kind>archive</kind>
         <file>rts430x_lc_sd_eabi.lib</file>
         <name>int53.obj</name>
      </input_file>
      <input_file id="fl-35">
         <path>/home/syed/CCS/ccsv5/tools/compiler/msp430_4.2.1/lib/</path>
         <kind>archive</kind>
         <file>rts430x_lc_sd_eabi.lib</file>
         <name>int54.obj</name>
      </input_file>
      <input_file id="fl-36">
         <path>/home/syed/CCS/ccsv5/tools/compiler/msp430_4.2.1/lib/</path>
         <kind>archive</kind>
         <file>rts430x_lc_sd_eabi.lib</file>
         <name>int55.obj</name>
      </input_file>
      <input_file id="fl-37">
         <path>/home/syed/CCS/ccsv5/tools/compiler/msp430_4.2.1/lib/</path>
         <kind>archive</kind>
         <file>rts430x_lc_sd_eabi.lib</file>
         <name>int56.obj</name>
      </input_file>
      <input_file id="fl-38">
         <path>/home/syed/CCS/ccsv5/tools/compiler/msp430_4.2.1/lib/</path>
         <kind>archive</kind>
         <file>rts430x_lc_sd_eabi.lib</file>
         <name>int57.obj</name>
      </input_file>
      <input_file id="fl-39">
         <path>/home/syed/CCS/ccsv5/tools/compiler/msp430_4.2.1/lib/</path>
         <kind>archive</kind>
         <file>rts430x_lc_sd_eabi.lib</file>
         <name>int58.obj</name>
      </input_file>
      <input_file id="fl-3a">
         <path>/home/syed/CCS/ccsv5/tools/compiler/msp430_4.2.1/lib/</path>
         <kind>archive</kind>
         <file>rts430x_lc_sd_eabi.lib</file>
         <name>int59.obj</name>
      </input_file>
      <input_file id="fl-3b">
         <path>/home/syed/CCS/ccsv5/tools/compiler/msp430_4.2.1/lib/</path>
         <kind>archive</kind>
         <file>rts430x_lc_sd_eabi.lib</file>
         <name>int60.obj</name>
      </input_file>
      <input_file id="fl-3c">
         <path>/home/syed/CCS/ccsv5/tools/compiler/msp430_4.2.1/lib/</path>
         <kind>archive</kind>
         <file>rts430x_lc_sd_eabi.lib</file>
         <name>int61.obj</name>
      </input_file>
      <input_file id="fl-3d">
         <path>/home/syed/CCS/ccsv5/tools/compiler/msp430_4.2.1/lib/</path>
         <kind>archive</kind>
         <file>rts430x_lc_sd_eabi.lib</file>
         <name>int62.obj</name>
      </input_file>
      <input_file id="fl-3e">
         <path>/home/syed/CCS/ccsv5/tools/compiler/msp430_4.2.1/lib/</path>
         <kind>archive</kind>
         <file>rts430x_lc_sd_eabi.lib</file>
         <name>isr_trap.obj</name>
      </input_file>
      <input_file id="fl-3f">
         <path>/home/syed/CCS/ccsv5/tools/compiler/msp430_4.2.1/lib/</path>
         <kind>archive</kind>
         <file>rts430x_lc_sd_eabi.lib</file>
         <name>pre_init.obj</name>
      </input_file>
      <input_file id="fl-40">
         <path>/home/syed/CCS/ccsv5/tools/compiler/msp430_4.2.1/lib/</path>
         <kind>archive</kind>
         <file>rts430x_lc_sd_eabi.lib</file>
         <name>printf.obj</name>
      </input_file>
      <input_file id="fl-41">
         <path>/home/syed/CCS/ccsv5/tools/compiler/msp430_4.2.1/lib/</path>
         <kind>archive</kind>
         <file>rts430x_lc_sd_eabi.lib</file>
         <name>_lock.obj</name>
      </input_file>
      <input_file id="fl-42">
         <path>/home/syed/CCS/ccsv5/tools/compiler/msp430_4.2.1/lib/</path>
         <kind>archive</kind>
         <file>rts430x_lc_sd_eabi.lib</file>
         <name>_printfi_min.obj</name>
      </input_file>
      <input_file id="fl-43">
         <path>/home/syed/CCS/ccsv5/tools/compiler/msp430_4.2.1/lib/</path>
         <kind>archive</kind>
         <file>rts430x_lc_sd_eabi.lib</file>
         <name>args_main.obj</name>
      </input_file>
      <input_file id="fl-44">
         <path>/home/syed/CCS/ccsv5/tools/compiler/msp430_4.2.1/lib/</path>
         <kind>archive</kind>
         <file>rts430x_lc_sd_eabi.lib</file>
         <name>autoinit.obj</name>
      </input_file>
      <input_file id="fl-45">
         <path>/home/syed/CCS/ccsv5/tools/compiler/msp430_4.2.1/lib/</path>
         <kind>archive</kind>
         <file>rts430x_lc_sd_eabi.lib</file>
         <name>defs.obj</name>
      </input_file>
      <input_file id="fl-46">
         <path>/home/syed/CCS/ccsv5/tools/compiler/msp430_4.2.1/lib/</path>
         <kind>archive</kind>
         <file>rts430x_lc_sd_eabi.lib</file>
         <name>div16u.obj</name>
      </input_file>
      <input_file id="fl-47">
         <path>/home/syed/CCS/ccsv5/tools/compiler/msp430_4.2.1/lib/</path>
         <kind>archive</kind>
         <file>rts430x_lc_sd_eabi.lib</file>
         <name>fputc.obj</name>
      </input_file>
      <input_file id="fl-48">
         <path>/home/syed/CCS/ccsv5/tools/compiler/msp430_4.2.1/lib/</path>
         <kind>archive</kind>
         <file>rts430x_lc_sd_eabi.lib</file>
         <name>fputs.obj</name>
      </input_file>
      <input_file id="fl-49">
         <path>/home/syed/CCS/ccsv5/tools/compiler/msp430_4.2.1/lib/</path>
         <kind>archive</kind>
         <file>rts430x_lc_sd_eabi.lib</file>
         <name>lowlev.obj</name>
      </input_file>
      <input_file id="fl-4a">
         <path>/home/syed/CCS/ccsv5/tools/compiler/msp430_4.2.1/lib/</path>
         <kind>archive</kind>
         <file>rts430x_lc_sd_eabi.lib</file>
         <name>memccpy.obj</name>
      </input_file>
      <input_file id="fl-4b">
         <path>/home/syed/CCS/ccsv5/tools/compiler/msp430_4.2.1/lib/</path>
         <kind>archive</kind>
         <file>rts430x_lc_sd_eabi.lib</file>
         <name>memchr.obj</name>
      </input_file>
      <input_file id="fl-4c">
         <path>/home/syed/CCS/ccsv5/tools/compiler/msp430_4.2.1/lib/</path>
         <kind>archive</kind>
         <file>rts430x_lc_sd_eabi.lib</file>
         <name>memcpy.obj</name>
      </input_file>
      <input_file id="fl-4d">
         <path>/home/syed/CCS/ccsv5/tools/compiler/msp430_4.2.1/lib/</path>
         <kind>archive</kind>
         <file>rts430x_lc_sd_eabi.lib</file>
         <name>memset.obj</name>
      </input_file>
      <input_file id="fl-4e">
         <path>/home/syed/CCS/ccsv5/tools/compiler/msp430_4.2.1/lib/</path>
         <kind>archive</kind>
         <file>rts430x_lc_sd_eabi.lib</file>
         <name>mult16_f5hw.obj</name>
      </input_file>
      <input_file id="fl-4f">
         <path>/home/syed/CCS/ccsv5/tools/compiler/msp430_4.2.1/lib/</path>
         <kind>archive</kind>
         <file>rts430x_lc_sd_eabi.lib</file>
         <name>strchr.obj</name>
      </input_file>
      <input_file id="fl-50">
         <path>/home/syed/CCS/ccsv5/tools/compiler/msp430_4.2.1/lib/</path>
         <kind>archive</kind>
         <file>rts430x_lc_sd_eabi.lib</file>
         <name>strcmp.obj</name>
      </input_file>
      <input_file id="fl-51">
         <path>/home/syed/CCS/ccsv5/tools/compiler/msp430_4.2.1/lib/</path>
         <kind>archive</kind>
         <file>rts430x_lc_sd_eabi.lib</file>
         <name>strlen.obj</name>
      </input_file>
      <input_file id="fl-52">
         <path>/home/syed/CCS/ccsv5/tools/compiler/msp430_4.2.1/lib/</path>
         <kind>archive</kind>
         <file>rts430x_lc_sd_eabi.lib</file>
         <name>strncpy.obj</name>
      </input_file>
      <input_file id="fl-53">
         <path>/home/syed/CCS/ccsv5/tools/compiler/msp430_4.2.1/lib/</path>
         <kind>archive</kind>
         <file>rts430x_lc_sd_eabi.lib</file>
         <name>trgdrv.obj</name>
      </input_file>
      <input_file id="fl-54">
         <path>/home/syed/CCS/ccsv5/tools/compiler/msp430_4.2.1/lib/</path>
         <kind>archive</kind>
         <file>rts430x_lc_sd_eabi.lib</file>
         <name>trgmsg.obj</name>
      </input_file>
      <input_file id="fl-55">
         <path>/home/syed/CCS/ccsv5/tools/compiler/msp430_4.2.1/lib/</path>
         <kind>archive</kind>
         <file>rts430x_lc_sd_eabi.lib</file>
         <name>_io_perm.obj</name>
      </input_file>
      <input_file id="fl-56">
         <path>/home/syed/CCS/ccsv5/tools/compiler/msp430_4.2.1/lib/</path>
         <kind>archive</kind>
         <file>rts430x_lc_sd_eabi.lib</file>
         <name>fflush.obj</name>
      </input_file>
      <input_file id="fl-57">
         <path>/home/syed/CCS/ccsv5/tools/compiler/msp430_4.2.1/lib/</path>
         <kind>archive</kind>
         <file>rts430x_lc_sd_eabi.lib</file>
         <name>fseek.obj</name>
      </input_file>
      <input_file id="fl-58">
         <path>/home/syed/CCS/ccsv5/tools/compiler/msp430_4.2.1/lib/</path>
         <kind>archive</kind>
         <file>rts430x_lc_sd_eabi.lib</file>
         <name>lsl32.obj</name>
      </input_file>
      <input_file id="fl-59">
         <path>/home/syed/CCS/ccsv5/tools/compiler/msp430_4.2.1/lib/</path>
         <kind>archive</kind>
         <file>rts430x_lc_sd_eabi.lib</file>
         <name>lsr32.obj</name>
      </input_file>
      <input_file id="fl-5a">
         <path>/home/syed/CCS/ccsv5/tools/compiler/msp430_4.2.1/lib/</path>
         <kind>archive</kind>
         <file>rts430x_lc_sd_eabi.lib</file>
         <name>setvbuf.obj</name>
      </input_file>
      <input_file id="fl-5b">
         <path>/home/syed/CCS/ccsv5/tools/compiler/msp430_4.2.1/lib/</path>
         <kind>archive</kind>
         <file>rts430x_lc_sd_eabi.lib</file>
         <name>strcpy.obj</name>
      </input_file>
      <input_file id="fl-5c">
         <path>/home/syed/CCS/ccsv5/tools/compiler/msp430_4.2.1/lib/</path>
         <kind>archive</kind>
         <file>rts430x_lc_sd_eabi.lib</file>
         <name>fopen.obj</name>
      </input_file>
      <input_file id="fl-5d">
         <path>/home/syed/CCS/ccsv5/tools/compiler/msp430_4.2.1/lib/</path>
         <kind>archive</kind>
         <file>rts430x_lc_sd_eabi.lib</file>
         <name>memory.obj</name>
      </input_file>
      <input_file id="fl-5e">
         <path>/home/syed/CCS/ccsv5/tools/compiler/msp430_4.2.1/lib/</path>
         <kind>archive</kind>
         <file>rts430x_lc_sd_eabi.lib</file>
         <name>fclose.obj</name>
      </input_file>
      <input_file id="fl-5f">
         <path>/home/syed/CCS/ccsv5/tools/compiler/msp430_4.2.1/lib/</path>
         <kind>archive</kind>
         <file>rts430x_lc_sd_eabi.lib</file>
         <name>remove.obj</name>
      </input_file>
   </input_file_list>
   <object_component_list>
      <object_component id="oc-96">
         <name>.sysmem</name>
         <uninitialized>true</uninitialized>
         <run_address>0x2400</run_address>
         <size>0x4</size>
         <input_file_ref idref="fl-5d"/>
      </object_component>
      <object_component id="oc-371">
         <name>.sysmem</name>
         <uninitialized>true</uninitialized>
         <run_address>0x2400</run_address>
         <size>0x0</size>
      </object_component>
      <object_component id="oc-93">
         <name>.stack</name>
         <uninitialized>true</uninitialized>
         <run_address>0x4360</run_address>
         <size>0x2</size>
         <input_file_ref idref="fl-22"/>
      </object_component>
      <object_component id="oc-370">
         <name>.stack</name>
         <uninitialized>true</uninitialized>
         <run_address>0x4360</run_address>
         <size>0x0</size>
      </object_component>
      <object_component id="oc-146">
         <name>.text:_setfield</name>
         <load_address>0x443e</load_address>
         <run_address>0x443e</run_address>
         <size>0x10e</size>
         <input_file_ref idref="fl-42"/>
      </object_component>
      <object_component id="oc-135">
         <name>.text:fputs</name>
         <load_address>0x454c</load_address>
         <run_address>0x454c</run_address>
         <size>0xde</size>
         <input_file_ref idref="fl-48"/>
      </object_component>
      <object_component id="oc-c3">
         <name>.text:__TI_decompress_rle_core</name>
         <load_address>0x462a</load_address>
         <run_address>0x462a</run_address>
         <size>0xd8</size>
         <input_file_ref idref="fl-24"/>
      </object_component>
      <object_component id="oc-1ab">
         <name>.text:setvbuf</name>
         <load_address>0x4702</load_address>
         <run_address>0x4702</run_address>
         <size>0xcc</size>
         <input_file_ref idref="fl-5a"/>
      </object_component>
      <object_component id="oc-119">
         <name>.text:__TI_printfi_minimal</name>
         <load_address>0x47ce</load_address>
         <run_address>0x47ce</run_address>
         <size>0xc0</size>
         <input_file_ref idref="fl-42"/>
      </object_component>
      <object_component id="oc-1df">
         <name>.text:malloc</name>
         <load_address>0x488e</load_address>
         <run_address>0x488e</run_address>
         <size>0xa6</size>
         <input_file_ref idref="fl-5d"/>
      </object_component>
      <object_component id="oc-13b">
         <name>.text:fputc</name>
         <load_address>0x4934</load_address>
         <run_address>0x4934</run_address>
         <size>0x8c</size>
         <input_file_ref idref="fl-47"/>
      </object_component>
      <object_component id="oc-247">
         <name>.text:HOSTlseek</name>
         <load_address>0x49c0</load_address>
         <run_address>0x49c0</run_address>
         <size>0x86</size>
         <input_file_ref idref="fl-53"/>
      </object_component>
      <object_component id="oc-1da">
         <name>.text:free</name>
         <load_address>0x4a46</load_address>
         <run_address>0x4a46</run_address>
         <size>0x80</size>
         <input_file_ref idref="fl-5d"/>
      </object_component>
      <object_component id="oc-168">
         <name>.text:__TI_wrt_ok</name>
         <load_address>0x4ac6</load_address>
         <run_address>0x4ac6</run_address>
         <size>0x7a</size>
         <input_file_ref idref="fl-55"/>
      </object_component>
      <object_component id="oc-a1">
         <name>.text:_auto_init</name>
         <load_address>0x4b40</load_address>
         <run_address>0x4b40</run_address>
         <size>0x70</size>
         <input_file_ref idref="fl-44"/>
      </object_component>
      <object_component id="oc-251">
         <name>.text:HOSTrename</name>
         <load_address>0x4bb0</load_address>
         <run_address>0x4bb0</run_address>
         <size>0x6a</size>
         <input_file_ref idref="fl-53"/>
      </object_component>
      <object_component id="oc-1a6">
         <name>.text:fseek</name>
         <load_address>0x4c1a</load_address>
         <run_address>0x4c1a</run_address>
         <size>0x6a</size>
         <input_file_ref idref="fl-57"/>
      </object_component>
      <object_component id="oc-229">
         <name>.text:__TI_closefile</name>
         <load_address>0x4c84</load_address>
         <run_address>0x4c84</run_address>
         <size>0x68</size>
         <input_file_ref idref="fl-5e"/>
      </object_component>
      <object_component id="oc-233">
         <name>.text:HOSTopen</name>
         <load_address>0x4cec</load_address>
         <run_address>0x4cec</run_address>
         <size>0x62</size>
         <input_file_ref idref="fl-53"/>
      </object_component>
      <object_component id="oc-177">
         <name>.text:__TI_doflush</name>
         <load_address>0x4d4e</load_address>
         <run_address>0x4d4e</run_address>
         <size>0x62</size>
         <input_file_ref idref="fl-56"/>
      </object_component>
      <object_component id="oc-242">
         <name>.text:HOSTwrite</name>
         <load_address>0x4db0</load_address>
         <run_address>0x4db0</run_address>
         <size>0x5e</size>
         <input_file_ref idref="fl-53"/>
      </object_component>
      <object_component id="oc-23d">
         <name>.text:HOSTread</name>
         <load_address>0x4e0e</load_address>
         <run_address>0x4e0e</run_address>
         <size>0x5c</size>
         <input_file_ref idref="fl-53"/>
      </object_component>
      <object_component id="oc-1c9">
         <name>.text:_ltostr</name>
         <load_address>0x4e6a</load_address>
         <run_address>0x4e6a</run_address>
         <size>0x52</size>
         <input_file_ref idref="fl-42"/>
      </object_component>
      <object_component id="oc-2ca">
         <name>.text:getdevice</name>
         <load_address>0x4ebc</load_address>
         <run_address>0x4ebc</run_address>
         <size>0x52</size>
         <input_file_ref idref="fl-49"/>
      </object_component>
      <object_component id="oc-18d">
         <name>.text:_pproc_diouxp</name>
         <load_address>0x4f0e</load_address>
         <run_address>0x4f0e</run_address>
         <size>0x4c</size>
         <input_file_ref idref="fl-42"/>
      </object_component>
      <object_component id="oc-266">
         <name>.text:close</name>
         <load_address>0x4f5a</load_address>
         <run_address>0x4f5a</run_address>
         <size>0x4a</size>
         <input_file_ref idref="fl-49"/>
      </object_component>
      <object_component id="oc-238">
         <name>.text:HOSTclose</name>
         <load_address>0x4fa4</load_address>
         <run_address>0x4fa4</run_address>
         <size>0x44</size>
         <input_file_ref idref="fl-53"/>
      </object_component>
      <object_component id="oc-24c">
         <name>.text:HOSTunlink</name>
         <load_address>0x4fe8</load_address>
         <run_address>0x4fe8</run_address>
         <size>0x42</size>
         <input_file_ref idref="fl-53"/>
      </object_component>
      <object_component id="oc-b1">
         <name>.text:__memcpy_far</name>
         <load_address>0x502a</load_address>
         <run_address>0x502a</run_address>
         <size>0x40</size>
         <input_file_ref idref="fl-26"/>
      </object_component>
      <object_component id="oc-14b">
         <name>.text:_pproc_str</name>
         <load_address>0x506a</load_address>
         <run_address>0x506a</run_address>
         <size>0x40</size>
         <input_file_ref idref="fl-42"/>
      </object_component>
      <object_component id="oc-de">
         <name>.text:printf</name>
         <load_address>0x50aa</load_address>
         <run_address>0x50aa</run_address>
         <size>0x40</size>
         <input_file_ref idref="fl-40"/>
      </object_component>
      <object_component id="oc-89">
         <name>.text:decompress:ZI:__TI_zero_init</name>
         <load_address>0x50ea</load_address>
         <run_address>0x50ea</run_address>
         <size>0x3e</size>
         <input_file_ref idref="fl-25"/>
      </object_component>
      <object_component id="oc-2b1">
         <name>.text:l_lsl_const</name>
         <load_address>0x5128</load_address>
         <run_address>0x5128</run_address>
         <size>0x3e</size>
         <input_file_ref idref="fl-58"/>
      </object_component>
      <object_component id="oc-2a5">
         <name>.text:l_lsr_const</name>
         <load_address>0x5166</load_address>
         <run_address>0x5166</run_address>
         <size>0x3e</size>
         <input_file_ref idref="fl-59"/>
      </object_component>
      <object_component id="oc-84">
         <name>.text:decompress:none:__TI_decompress_none</name>
         <load_address>0x51a4</load_address>
         <run_address>0x51a4</run_address>
         <size>0x3c</size>
         <input_file_ref idref="fl-23"/>
      </object_component>
      <object_component id="oc-220">
         <name>.text:minit</name>
         <load_address>0x51e0</load_address>
         <run_address>0x51e0</run_address>
         <size>0x38</size>
         <input_file_ref idref="fl-5d"/>
      </object_component>
      <object_component id="oc-1e4">
         <name>.text:__TI_cleanup</name>
         <load_address>0x5218</load_address>
         <run_address>0x5218</run_address>
         <size>0x32</size>
         <input_file_ref idref="fl-5c"/>
      </object_component>
      <object_component id="oc-27b">
         <name>.text:__TI_writemsg</name>
         <load_address>0x524a</load_address>
         <run_address>0x524a</run_address>
         <size>0x2e</size>
         <input_file_ref idref="fl-54"/>
      </object_component>
      <object_component id="oc-1c4">
         <name>.text:_getarg_diouxp</name>
         <load_address>0x5278</load_address>
         <run_address>0x5278</run_address>
         <size>0x2e</size>
         <input_file_ref idref="fl-42"/>
      </object_component>
      <object_component id="oc-ab">
         <name>.text:exit</name>
         <load_address>0x52a6</load_address>
         <run_address>0x52a6</run_address>
         <size>0x2e</size>
         <input_file_ref idref="fl-27"/>
      </object_component>
      <object_component id="oc-2e7">
         <name>.text:finddevice</name>
         <load_address>0x52d4</load_address>
         <run_address>0x52d4</run_address>
         <size>0x2e</size>
         <input_file_ref idref="fl-49"/>
      </object_component>
      <object_component id="oc-281">
         <name>.text:__TI_readmsg</name>
         <load_address>0x5302</load_address>
         <run_address>0x5302</run_address>
         <size>0x2c</size>
         <input_file_ref idref="fl-54"/>
      </object_component>
      <object_component id="oc-2e2">
         <name>.text:strncpy</name>
         <load_address>0x532e</load_address>
         <run_address>0x532e</run_address>
         <size>0x2c</size>
         <input_file_ref idref="fl-52"/>
      </object_component>
      <object_component id="oc-26c">
         <name>.text:unlink</name>
         <load_address>0x535a</load_address>
         <run_address>0x535a</run_address>
         <size>0x2a</size>
         <input_file_ref idref="fl-49"/>
      </object_component>
      <object_component id="oc-1d3">
         <name>.text:lseek</name>
         <load_address>0x5384</load_address>
         <run_address>0x5384</run_address>
         <size>0x26</size>
         <input_file_ref idref="fl-49"/>
      </object_component>
      <object_component id="oc-17c">
         <name>.text:write</name>
         <load_address>0x53aa</load_address>
         <run_address>0x53aa</run_address>
         <size>0x24</size>
         <input_file_ref idref="fl-49"/>
      </object_component>
      <object_component id="oc-192">
         <name>.text:memccpy</name>
         <load_address>0x53ce</load_address>
         <run_address>0x53ce</run_address>
         <size>0x1c</size>
         <input_file_ref idref="fl-4a"/>
      </object_component>
      <object_component id="oc-20c">
         <name>.text:_div</name>
         <load_address>0x53ea</load_address>
         <run_address>0x53ea</run_address>
         <size>0x1a</size>
         <input_file_ref idref="fl-42"/>
      </object_component>
      <object_component id="oc-a6">
         <name>.text:main</name>
         <load_address>0x5404</load_address>
         <run_address>0x5404</run_address>
         <size>0x18</size>
         <input_file_ref idref="fl-2"/>
      </object_component>
      <object_component id="oc-2dd">
         <name>.text:strchr</name>
         <load_address>0x541c</load_address>
         <run_address>0x541c</run_address>
         <size>0x18</size>
         <input_file_ref idref="fl-4f"/>
      </object_component>
      <object_component id="oc-2f7">
         <name>.text:strcmp</name>
         <load_address>0x5434</load_address>
         <run_address>0x5434</run_address>
         <size>0x18</size>
         <input_file_ref idref="fl-50"/>
      </object_component>
      <object_component id="oc-258">
         <name>.text</name>
         <load_address>0x544c</load_address>
         <run_address>0x544c</run_address>
         <size>0x16</size>
         <input_file_ref idref="fl-46"/>
      </object_component>
      <object_component id="oc-211">
         <name>.text</name>
         <load_address>0x5462</load_address>
         <run_address>0x5462</run_address>
         <size>0x16</size>
         <input_file_ref idref="fl-4e"/>
      </object_component>
      <object_component id="oc-16d">
         <name>.text:memchr</name>
         <load_address>0x5478</load_address>
         <run_address>0x5478</run_address>
         <size>0x14</size>
         <input_file_ref idref="fl-4b"/>
      </object_component>
      <object_component id="oc-187">
         <name>.text:memset</name>
         <load_address>0x548c</load_address>
         <run_address>0x548c</run_address>
         <size>0x14</size>
         <input_file_ref idref="fl-4d"/>
      </object_component>
      <object_component id="oc-172">
         <name>.text:memcpy</name>
         <load_address>0x54a0</load_address>
         <run_address>0x54a0</run_address>
         <size>0x12</size>
         <input_file_ref idref="fl-4c"/>
      </object_component>
      <object_component id="oc-2be">
         <name>.text:strcpy</name>
         <load_address>0x54b2</load_address>
         <run_address>0x54b2</run_address>
         <size>0x10</size>
         <input_file_ref idref="fl-5b"/>
      </object_component>
      <object_component id="oc-8e">
         <name>.text:decompress:rle24:__TI_decompress_rle24</name>
         <load_address>0x54c2</load_address>
         <run_address>0x54c2</run_address>
         <size>0xe</size>
         <input_file_ref idref="fl-24"/>
      </object_component>
      <object_component id="oc-141">
         <name>.text:strlen</name>
         <load_address>0x54d0</load_address>
         <run_address>0x54d0</run_address>
         <size>0xe</size>
         <input_file_ref idref="fl-51"/>
      </object_component>
      <object_component id="oc-98">
         <name>.text:__TI_ISR_TRAP</name>
         <load_address>0x54de</load_address>
         <run_address>0x54de</run_address>
         <size>0x6</size>
         <input_file_ref idref="fl-3e"/>
      </object_component>
      <object_component id="oc-114">
         <name>.text:_outc</name>
         <load_address>0x54e4</load_address>
         <run_address>0x54e4</run_address>
         <size>0x6</size>
         <input_file_ref idref="fl-40"/>
      </object_component>
      <object_component id="oc-10f">
         <name>.text:_outs</name>
         <load_address>0x54ea</load_address>
         <run_address>0x54ea</run_address>
         <size>0x4</size>
         <input_file_ref idref="fl-40"/>
      </object_component>
      <object_component id="oc-9c">
         <name>.text:_system_pre_init</name>
         <load_address>0x54ee</load_address>
         <run_address>0x54ee</run_address>
         <size>0x4</size>
         <input_file_ref idref="fl-3f"/>
      </object_component>
      <object_component id="oc-eb">
         <name>.text:abort</name>
         <load_address>0x54f2</load_address>
         <run_address>0x54f2</run_address>
         <size>0x4</size>
         <input_file_ref idref="fl-27"/>
      </object_component>
      <object_component id="oc-120">
         <name>.text:_nop</name>
         <load_address>0x54f6</load_address>
         <run_address>0x54f6</run_address>
         <size>0x2</size>
         <input_file_ref idref="fl-41"/>
      </object_component>
      <object_component id="oc-72">
         <name>.text:_isr:_c_int00_noargs</name>
         <load_address>0x4422</load_address>
         <run_address>0x4422</run_address>
         <size>0x1c</size>
         <input_file_ref idref="fl-22"/>
      </object_component>
      <object_component id="oc-36e">
         <name>.cinit..data.load</name>
         <load_address>0x54f8</load_address>
         <run_address>0x54f8</run_address>
         <size>0x52</size>
      </object_component>
      <object_component id="oc-36b">
         <name>__TI_handler_table</name>
         <load_address>0x554a</load_address>
         <run_address>0x554a</run_address>
         <size>0xc</size>
      </object_component>
      <object_component id="oc-36d">
         <name>.cinit..bss.load</name>
         <load_address>0x5556</load_address>
         <run_address>0x5556</run_address>
         <size>0x6</size>
      </object_component>
      <object_component id="oc-36f">
         <name>.cinit..cio.load</name>
         <load_address>0x555c</load_address>
         <run_address>0x555c</run_address>
         <size>0x6</size>
      </object_component>
      <object_component id="oc-36c">
         <name>__TI_cinit_table</name>
         <load_address>0x5562</load_address>
         <run_address>0x5562</run_address>
         <size>0x18</size>
      </object_component>
      <object_component id="oc-18c">
         <name>.const:.string</name>
         <load_address>0x4400</load_address>
         <run_address>0x4400</run_address>
         <size>0x14</size>
         <input_file_ref idref="fl-42"/>
      </object_component>
      <object_component id="oc-dd">
         <name>.const:.string</name>
         <load_address>0x4414</load_address>
         <run_address>0x4414</run_address>
         <size>0xe</size>
         <input_file_ref idref="fl-2"/>
      </object_component>
      <object_component id="oc-2d4">
         <name>.cio</name>
         <uninitialized>true</uninitialized>
         <run_address>0x2664</run_address>
         <size>0x120</size>
         <input_file_ref idref="fl-54"/>
      </object_component>
      <object_component id="oc-69">
         <name>.int41</name>
         <load_address>0xffd2</load_address>
         <run_address>0xffd2</run_address>
         <size>0x2</size>
         <input_file_ref idref="fl-28"/>
      </object_component>
      <object_component id="oc-6a">
         <name>.int42</name>
         <load_address>0xffd4</load_address>
         <run_address>0xffd4</run_address>
         <size>0x2</size>
         <input_file_ref idref="fl-29"/>
      </object_component>
      <object_component id="oc-6b">
         <name>.int43</name>
         <load_address>0xffd6</load_address>
         <run_address>0xffd6</run_address>
         <size>0x2</size>
         <input_file_ref idref="fl-2a"/>
      </object_component>
      <object_component id="oc-6c">
         <name>.int44</name>
         <load_address>0xffd8</load_address>
         <run_address>0xffd8</run_address>
         <size>0x2</size>
         <input_file_ref idref="fl-2b"/>
      </object_component>
      <object_component id="oc-6d">
         <name>.int45</name>
         <load_address>0xffda</load_address>
         <run_address>0xffda</run_address>
         <size>0x2</size>
         <input_file_ref idref="fl-2c"/>
      </object_component>
      <object_component id="oc-6e">
         <name>.int46</name>
         <load_address>0xffdc</load_address>
         <run_address>0xffdc</run_address>
         <size>0x2</size>
         <input_file_ref idref="fl-2d"/>
      </object_component>
      <object_component id="oc-6f">
         <name>.int47</name>
         <load_address>0xffde</load_address>
         <run_address>0xffde</run_address>
         <size>0x2</size>
         <input_file_ref idref="fl-2e"/>
      </object_component>
      <object_component id="oc-70">
         <name>.int48</name>
         <load_address>0xffe0</load_address>
         <run_address>0xffe0</run_address>
         <size>0x2</size>
         <input_file_ref idref="fl-2f"/>
      </object_component>
      <object_component id="oc-71">
         <name>.int49</name>
         <load_address>0xffe2</load_address>
         <run_address>0xffe2</run_address>
         <size>0x2</size>
         <input_file_ref idref="fl-30"/>
      </object_component>
      <object_component id="oc-77">
         <name>.int50</name>
         <load_address>0xffe4</load_address>
         <run_address>0xffe4</run_address>
         <size>0x2</size>
         <input_file_ref idref="fl-31"/>
      </object_component>
      <object_component id="oc-78">
         <name>.int51</name>
         <load_address>0xffe6</load_address>
         <run_address>0xffe6</run_address>
         <size>0x2</size>
         <input_file_ref idref="fl-32"/>
      </object_component>
      <object_component id="oc-79">
         <name>.int52</name>
         <load_address>0xffe8</load_address>
         <run_address>0xffe8</run_address>
         <size>0x2</size>
         <input_file_ref idref="fl-33"/>
      </object_component>
      <object_component id="oc-7a">
         <name>.int53</name>
         <load_address>0xffea</load_address>
         <run_address>0xffea</run_address>
         <size>0x2</size>
         <input_file_ref idref="fl-34"/>
      </object_component>
      <object_component id="oc-7b">
         <name>.int54</name>
         <load_address>0xffec</load_address>
         <run_address>0xffec</run_address>
         <size>0x2</size>
         <input_file_ref idref="fl-35"/>
      </object_component>
      <object_component id="oc-7c">
         <name>.int55</name>
         <load_address>0xffee</load_address>
         <run_address>0xffee</run_address>
         <size>0x2</size>
         <input_file_ref idref="fl-36"/>
      </object_component>
      <object_component id="oc-7d">
         <name>.int56</name>
         <load_address>0xfff0</load_address>
         <run_address>0xfff0</run_address>
         <size>0x2</size>
         <input_file_ref idref="fl-37"/>
      </object_component>
      <object_component id="oc-7e">
         <name>.int57</name>
         <load_address>0xfff2</load_address>
         <run_address>0xfff2</run_address>
         <size>0x2</size>
         <input_file_ref idref="fl-38"/>
      </object_component>
      <object_component id="oc-7f">
         <name>.int58</name>
         <load_address>0xfff4</load_address>
         <run_address>0xfff4</run_address>
         <size>0x2</size>
         <input_file_ref idref="fl-39"/>
      </object_component>
      <object_component id="oc-80">
         <name>.int59</name>
         <load_address>0xfff6</load_address>
         <run_address>0xfff6</run_address>
         <size>0x2</size>
         <input_file_ref idref="fl-3a"/>
      </object_component>
      <object_component id="oc-81">
         <name>.int60</name>
         <load_address>0xfff8</load_address>
         <run_address>0xfff8</run_address>
         <size>0x2</size>
         <input_file_ref idref="fl-3b"/>
      </object_component>
      <object_component id="oc-82">
         <name>.int61</name>
         <load_address>0xfffa</load_address>
         <run_address>0xfffa</run_address>
         <size>0x2</size>
         <input_file_ref idref="fl-3c"/>
      </object_component>
      <object_component id="oc-83">
         <name>.int62</name>
         <load_address>0xfffc</load_address>
         <run_address>0xfffc</run_address>
         <size>0x2</size>
         <input_file_ref idref="fl-3d"/>
      </object_component>
      <object_component id="oc-95">
         <name>.reset</name>
         <load_address>0xfffe</load_address>
         <run_address>0xfffe</run_address>
         <size>0x2</size>
         <input_file_ref idref="fl-22"/>
      </object_component>
      <object_component id="oc-1e9">
         <name>.common:__TI_cleanup_ptr</name>
         <uninitialized>true</uninitialized>
         <run_address>0x282c</run_address>
         <size>0x4</size>
      </object_component>
      <object_component id="oc-e8">
         <name>.common:__TI_dtors_ptr</name>
         <uninitialized>true</uninitialized>
         <run_address>0x2830</run_address>
         <size>0x4</size>
      </object_component>
      <object_component id="oc-26b">
         <name>.common:__TI_tmpnams</name>
         <uninitialized>true</uninitialized>
         <run_address>0x2784</run_address>
         <size>0xa0</size>
      </object_component>
      <object_component id="oc-2c6">
         <name>.common:parmbuf</name>
         <uninitialized>true</uninitialized>
         <run_address>0x2824</run_address>
         <size>0x8</size>
      </object_component>
      <object_component id="oc-261">
         <name>.common:sys_free</name>
         <uninitialized>true</uninitialized>
         <run_address>0x2838</run_address>
         <size>0x2</size>
      </object_component>
      <object_component id="oc-264">
         <name>.common:sys_base</name>
         <uninitialized>true</uninitialized>
         <run_address>0x2836</run_address>
         <size>0x2</size>
      </object_component>
      <object_component id="oc-263">
         <name>.common:memsize</name>
         <uninitialized>true</uninitialized>
         <run_address>0x2834</run_address>
         <size>0x2</size>
      </object_component>
      <object_component id="oc-e4">
         <name>.data</name>
         <load_address>0x2658</load_address>
         <run_address>0x2658</run_address>
         <size>0x8</size>
         <input_file_ref idref="fl-41"/>
      </object_component>
      <object_component id="oc-10d">
         <name>.data:_ftable</name>
         <load_address>0x25b8</load_address>
         <run_address>0x25b8</run_address>
         <size>0x78</size>
         <input_file_ref idref="fl-45"/>
      </object_component>
      <object_component id="oc-1b8">
         <name>.data:_stream</name>
         <load_address>0x2630</load_address>
         <run_address>0x2630</run_address>
         <size>0x28</size>
         <input_file_ref idref="fl-49"/>
      </object_component>
      <object_component id="oc-1f9">
         <name>.data:_device</name>
         <load_address>0x2540</load_address>
         <run_address>0x2540</run_address>
         <size>0x78</size>
         <input_file_ref idref="fl-49"/>
      </object_component>
      <object_component id="oc-21e">
         <name>.data</name>
         <load_address>0x2662</load_address>
         <run_address>0x2662</run_address>
         <size>0x2</size>
         <input_file_ref idref="fl-5d"/>
      </object_component>
      <object_component id="oc-22e">
         <name>.data</name>
         <load_address>0x2660</load_address>
         <run_address>0x2660</run_address>
         <size>0x2</size>
         <input_file_ref idref="fl-45"/>
      </object_component>
      <object_component id="oc-73">
         <name>.debug_info</name>
         <load_address>0x0</load_address>
         <run_address>0x0</run_address>
         <size>0x124</size>
         <input_file_ref idref="fl-22"/>
      </object_component>
      <object_component id="oc-85">
         <name>.debug_info</name>
         <load_address>0x124</load_address>
         <run_address>0x124</run_address>
         <size>0x1b4</size>
         <input_file_ref idref="fl-23"/>
      </object_component>
      <object_component id="oc-8a">
         <name>.debug_info</name>
         <load_address>0x2d8</load_address>
         <run_address>0x2d8</run_address>
         <size>0x183</size>
         <input_file_ref idref="fl-25"/>
      </object_component>
      <object_component id="oc-8f">
         <name>.debug_info</name>
         <load_address>0x45b</load_address>
         <run_address>0x45b</run_address>
         <size>0x1a7</size>
         <input_file_ref idref="fl-24"/>
      </object_component>
      <object_component id="oc-94">
         <name>.debug_info</name>
         <load_address>0x602</load_address>
         <run_address>0x602</run_address>
         <size>0xaa</size>
         <input_file_ref idref="fl-22"/>
      </object_component>
      <object_component id="oc-97">
         <name>.debug_info</name>
         <load_address>0x6ac</load_address>
         <run_address>0x6ac</run_address>
         <size>0xb6</size>
         <input_file_ref idref="fl-5d"/>
      </object_component>
      <object_component id="oc-99">
         <name>.debug_info</name>
         <load_address>0x762</load_address>
         <run_address>0x762</run_address>
         <size>0xc2</size>
         <input_file_ref idref="fl-3e"/>
      </object_component>
      <object_component id="oc-9d">
         <name>.debug_info</name>
         <load_address>0x824</load_address>
         <run_address>0x824</run_address>
         <size>0xfd</size>
         <input_file_ref idref="fl-3f"/>
      </object_component>
      <object_component id="oc-a2">
         <name>.debug_info</name>
         <load_address>0x921</load_address>
         <run_address>0x921</run_address>
         <size>0x176</size>
         <input_file_ref idref="fl-44"/>
      </object_component>
      <object_component id="oc-a7">
         <name>.debug_info</name>
         <load_address>0xa97</load_address>
         <run_address>0xa97</run_address>
         <size>0xff</size>
         <input_file_ref idref="fl-2"/>
      </object_component>
      <object_component id="oc-ac">
         <name>.debug_info</name>
         <load_address>0xb96</load_address>
         <run_address>0xb96</run_address>
         <size>0x127</size>
         <input_file_ref idref="fl-27"/>
      </object_component>
      <object_component id="oc-b2">
         <name>.debug_info</name>
         <load_address>0xcbd</load_address>
         <run_address>0xcbd</run_address>
         <size>0xcd</size>
         <input_file_ref idref="fl-26"/>
      </object_component>
      <object_component id="oc-b6">
         <name>.debug_info</name>
         <load_address>0xd8a</load_address>
         <run_address>0xd8a</run_address>
         <size>0x46</size>
         <input_file_ref idref="fl-23"/>
      </object_component>
      <object_component id="oc-bb">
         <name>.debug_info</name>
         <load_address>0xdd0</load_address>
         <run_address>0xdd0</run_address>
         <size>0x184</size>
         <input_file_ref idref="fl-23"/>
      </object_component>
      <object_component id="oc-bd">
         <name>.debug_info</name>
         <load_address>0xf54</load_address>
         <run_address>0xf54</run_address>
         <size>0x46</size>
         <input_file_ref idref="fl-25"/>
      </object_component>
      <object_component id="oc-c2">
         <name>.debug_info</name>
         <load_address>0xf9a</load_address>
         <run_address>0xf9a</run_address>
         <size>0x17f</size>
         <input_file_ref idref="fl-25"/>
      </object_component>
      <object_component id="oc-c4">
         <name>.debug_info</name>
         <load_address>0x1119</load_address>
         <run_address>0x1119</run_address>
         <size>0x266</size>
         <input_file_ref idref="fl-24"/>
      </object_component>
      <object_component id="oc-c9">
         <name>.debug_info</name>
         <load_address>0x137f</load_address>
         <run_address>0x137f</run_address>
         <size>0x189</size>
         <input_file_ref idref="fl-24"/>
      </object_component>
      <object_component id="oc-ca">
         <name>.debug_info</name>
         <load_address>0x1508</load_address>
         <run_address>0x1508</run_address>
         <size>0x39</size>
         <input_file_ref idref="fl-24"/>
      </object_component>
      <object_component id="oc-d1">
         <name>.debug_info</name>
         <load_address>0x1541</load_address>
         <run_address>0x1541</run_address>
         <size>0x84</size>
         <input_file_ref idref="fl-2"/>
      </object_component>
      <object_component id="oc-d8">
         <name>.debug_info</name>
         <load_address>0x15c5</load_address>
         <run_address>0x15c5</run_address>
         <size>0x245</size>
         <input_file_ref idref="fl-5d"/>
      </object_component>
      <object_component id="oc-dc">
         <name>.debug_info</name>
         <load_address>0x180a</load_address>
         <run_address>0x180a</run_address>
         <size>0x2e0</size>
         <input_file_ref idref="fl-44"/>
      </object_component>
      <object_component id="oc-df">
         <name>.debug_info</name>
         <load_address>0x1aea</load_address>
         <run_address>0x1aea</run_address>
         <size>0x12e</size>
         <input_file_ref idref="fl-40"/>
      </object_component>
      <object_component id="oc-e5">
         <name>.debug_info</name>
         <load_address>0x1c18</load_address>
         <run_address>0x1c18</run_address>
         <size>0xc8</size>
         <input_file_ref idref="fl-41"/>
      </object_component>
      <object_component id="oc-e7">
         <name>.debug_info</name>
         <load_address>0x1ce0</load_address>
         <run_address>0x1ce0</run_address>
         <size>0x2dc</size>
         <input_file_ref idref="fl-22"/>
      </object_component>
      <object_component id="oc-ec">
         <name>.debug_info</name>
         <load_address>0x1fbc</load_address>
         <run_address>0x1fbc</run_address>
         <size>0xcc</size>
         <input_file_ref idref="fl-27"/>
      </object_component>
      <object_component id="oc-f1">
         <name>.debug_info</name>
         <load_address>0x2088</load_address>
         <run_address>0x2088</run_address>
         <size>0x1aa</size>
         <input_file_ref idref="fl-27"/>
      </object_component>
      <object_component id="oc-fc">
         <name>.debug_info</name>
         <load_address>0x2232</load_address>
         <run_address>0x2232</run_address>
         <size>0x2c</size>
         <input_file_ref idref="fl-48"/>
      </object_component>
      <object_component id="oc-101">
         <name>.debug_info</name>
         <load_address>0x225e</load_address>
         <run_address>0x225e</run_address>
         <size>0x6f</size>
         <input_file_ref idref="fl-5d"/>
      </object_component>
      <object_component id="oc-108">
         <name>.debug_info</name>
         <load_address>0x22cd</load_address>
         <run_address>0x22cd</run_address>
         <size>0x39</size>
         <input_file_ref idref="fl-44"/>
      </object_component>
      <object_component id="oc-10e">
         <name>.debug_info</name>
         <load_address>0x2306</load_address>
         <run_address>0x2306</run_address>
         <size>0xac</size>
         <input_file_ref idref="fl-45"/>
      </object_component>
      <object_component id="oc-110">
         <name>.debug_info</name>
         <load_address>0x23b2</load_address>
         <run_address>0x23b2</run_address>
         <size>0x12a</size>
         <input_file_ref idref="fl-40"/>
      </object_component>
      <object_component id="oc-115">
         <name>.debug_info</name>
         <load_address>0x24dc</load_address>
         <run_address>0x24dc</run_address>
         <size>0x11b</size>
         <input_file_ref idref="fl-40"/>
      </object_component>
      <object_component id="oc-11a">
         <name>.debug_info</name>
         <load_address>0x25f7</load_address>
         <run_address>0x25f7</run_address>
         <size>0x25d</size>
         <input_file_ref idref="fl-42"/>
      </object_component>
      <object_component id="oc-11f">
         <name>.debug_info</name>
         <load_address>0x2854</load_address>
         <run_address>0x2854</run_address>
         <size>0x25b</size>
         <input_file_ref idref="fl-40"/>
      </object_component>
      <object_component id="oc-121">
         <name>.debug_info</name>
         <load_address>0x2aaf</load_address>
         <run_address>0x2aaf</run_address>
         <size>0xd8</size>
         <input_file_ref idref="fl-41"/>
      </object_component>
      <object_component id="oc-127">
         <name>.debug_info</name>
         <load_address>0x2b87</load_address>
         <run_address>0x2b87</run_address>
         <size>0x10d</size>
         <input_file_ref idref="fl-41"/>
      </object_component>
      <object_component id="oc-12d">
         <name>.debug_info</name>
         <load_address>0x2c94</load_address>
         <run_address>0x2c94</run_address>
         <size>0x2c</size>
         <input_file_ref idref="fl-5d"/>
      </object_component>
      <object_component id="oc-134">
         <name>.debug_info</name>
         <load_address>0x2cc0</load_address>
         <run_address>0x2cc0</run_address>
         <size>0x15a</size>
         <input_file_ref idref="fl-45"/>
      </object_component>
      <object_component id="oc-136">
         <name>.debug_info</name>
         <load_address>0x2e1a</load_address>
         <run_address>0x2e1a</run_address>
         <size>0x271</size>
         <input_file_ref idref="fl-48"/>
      </object_component>
      <object_component id="oc-13c">
         <name>.debug_info</name>
         <load_address>0x308b</load_address>
         <run_address>0x308b</run_address>
         <size>0x17a</size>
         <input_file_ref idref="fl-47"/>
      </object_component>
      <object_component id="oc-142">
         <name>.debug_info</name>
         <load_address>0x3205</load_address>
         <run_address>0x3205</run_address>
         <size>0x153</size>
         <input_file_ref idref="fl-51"/>
      </object_component>
      <object_component id="oc-147">
         <name>.debug_info</name>
         <load_address>0x3358</load_address>
         <run_address>0x3358</run_address>
         <size>0x239</size>
         <input_file_ref idref="fl-42"/>
      </object_component>
      <object_component id="oc-14c">
         <name>.debug_info</name>
         <load_address>0x3591</load_address>
         <run_address>0x3591</run_address>
         <size>0x1d6</size>
         <input_file_ref idref="fl-42"/>
      </object_component>
      <object_component id="oc-151">
         <name>.debug_info</name>
         <load_address>0x3767</load_address>
         <run_address>0x3767</run_address>
         <size>0x259</size>
         <input_file_ref idref="fl-42"/>
      </object_component>
      <object_component id="oc-152">
         <name>.debug_info</name>
         <load_address>0x39c0</load_address>
         <run_address>0x39c0</run_address>
         <size>0x2c</size>
         <input_file_ref idref="fl-2"/>
      </object_component>
      <object_component id="oc-157">
         <name>.debug_info</name>
         <load_address>0x39ec</load_address>
         <run_address>0x39ec</run_address>
         <size>0x86</size>
         <input_file_ref idref="fl-42"/>
      </object_component>
      <object_component id="oc-15e">
         <name>.debug_info</name>
         <load_address>0x3a72</load_address>
         <run_address>0x3a72</run_address>
         <size>0xae</size>
         <input_file_ref idref="fl-40"/>
      </object_component>
      <object_component id="oc-169">
         <name>.debug_info</name>
         <load_address>0x3b20</load_address>
         <run_address>0x3b20</run_address>
         <size>0x140</size>
         <input_file_ref idref="fl-55"/>
      </object_component>
      <object_component id="oc-16e">
         <name>.debug_info</name>
         <load_address>0x3c60</load_address>
         <run_address>0x3c60</run_address>
         <size>0x16b</size>
         <input_file_ref idref="fl-4b"/>
      </object_component>
      <object_component id="oc-173">
         <name>.debug_info</name>
         <load_address>0x3dcb</load_address>
         <run_address>0x3dcb</run_address>
         <size>0x157</size>
         <input_file_ref idref="fl-4c"/>
      </object_component>
      <object_component id="oc-178">
         <name>.debug_info</name>
         <load_address>0x3f22</load_address>
         <run_address>0x3f22</run_address>
         <size>0x12e</size>
         <input_file_ref idref="fl-56"/>
      </object_component>
      <object_component id="oc-17d">
         <name>.debug_info</name>
         <load_address>0x4050</load_address>
         <run_address>0x4050</run_address>
         <size>0x172</size>
         <input_file_ref idref="fl-49"/>
      </object_component>
      <object_component id="oc-182">
         <name>.debug_info</name>
         <load_address>0x41c2</load_address>
         <run_address>0x41c2</run_address>
         <size>0x296</size>
         <input_file_ref idref="fl-48"/>
      </object_component>
      <object_component id="oc-184">
         <name>.debug_info</name>
         <load_address>0x4458</load_address>
         <run_address>0x4458</run_address>
         <size>0x205</size>
         <input_file_ref idref="fl-47"/>
      </object_component>
      <object_component id="oc-186">
         <name>.debug_info</name>
         <load_address>0x465d</load_address>
         <run_address>0x465d</run_address>
         <size>0x111</size>
         <input_file_ref idref="fl-51"/>
      </object_component>
      <object_component id="oc-188">
         <name>.debug_info</name>
         <load_address>0x476e</load_address>
         <run_address>0x476e</run_address>
         <size>0x183</size>
         <input_file_ref idref="fl-4d"/>
      </object_component>
      <object_component id="oc-18e">
         <name>.debug_info</name>
         <load_address>0x48f1</load_address>
         <run_address>0x48f1</run_address>
         <size>0x1e4</size>
         <input_file_ref idref="fl-42"/>
      </object_component>
      <object_component id="oc-193">
         <name>.debug_info</name>
         <load_address>0x4ad5</load_address>
         <run_address>0x4ad5</run_address>
         <size>0x160</size>
         <input_file_ref idref="fl-4a"/>
      </object_component>
      <object_component id="oc-19b">
         <name>.debug_info</name>
         <load_address>0x4c35</load_address>
         <run_address>0x4c35</run_address>
         <size>0x2c</size>
         <input_file_ref idref="fl-42"/>
      </object_component>
      <object_component id="oc-1a0">
         <name>.debug_info</name>
         <load_address>0x4c61</load_address>
         <run_address>0x4c61</run_address>
         <size>0x39</size>
         <input_file_ref idref="fl-42"/>
      </object_component>
      <object_component id="oc-1a5">
         <name>.debug_info</name>
         <load_address>0x4c9a</load_address>
         <run_address>0x4c9a</run_address>
         <size>0x17b</size>
         <input_file_ref idref="fl-2"/>
      </object_component>
      <object_component id="oc-1a7">
         <name>.debug_info</name>
         <load_address>0x4e15</load_address>
         <run_address>0x4e15</run_address>
         <size>0x193</size>
         <input_file_ref idref="fl-57"/>
      </object_component>
      <object_component id="oc-1ac">
         <name>.debug_info</name>
         <load_address>0x4fa8</load_address>
         <run_address>0x4fa8</run_address>
         <size>0x1a8</size>
         <input_file_ref idref="fl-5a"/>
      </object_component>
      <object_component id="oc-1b1">
         <name>.debug_info</name>
         <load_address>0x5150</load_address>
         <run_address>0x5150</run_address>
         <size>0x177</size>
         <input_file_ref idref="fl-55"/>
      </object_component>
      <object_component id="oc-1b3">
         <name>.debug_info</name>
         <load_address>0x52c7</load_address>
         <run_address>0x52c7</run_address>
         <size>0x127</size>
         <input_file_ref idref="fl-4b"/>
      </object_component>
      <object_component id="oc-1b5">
         <name>.debug_info</name>
         <load_address>0x53ee</load_address>
         <run_address>0x53ee</run_address>
         <size>0x127</size>
         <input_file_ref idref="fl-4c"/>
      </object_component>
      <object_component id="oc-1b7">
         <name>.debug_info</name>
         <load_address>0x5515</load_address>
         <run_address>0x5515</run_address>
         <size>0x1c9</size>
         <input_file_ref idref="fl-56"/>
      </object_component>
      <object_component id="oc-1b9">
         <name>.debug_info</name>
         <load_address>0x56de</load_address>
         <run_address>0x56de</run_address>
         <size>0xad</size>
         <input_file_ref idref="fl-49"/>
      </object_component>
      <object_component id="oc-1bb">
         <name>.debug_info</name>
         <load_address>0x578b</load_address>
         <run_address>0x578b</run_address>
         <size>0x44f</size>
         <input_file_ref idref="fl-49"/>
      </object_component>
      <object_component id="oc-1c3">
         <name>.debug_info</name>
         <load_address>0x5bda</load_address>
         <run_address>0x5bda</run_address>
         <size>0x117</size>
         <input_file_ref idref="fl-4d"/>
      </object_component>
      <object_component id="oc-1c5">
         <name>.debug_info</name>
         <load_address>0x5cf1</load_address>
         <run_address>0x5cf1</run_address>
         <size>0x15c</size>
         <input_file_ref idref="fl-42"/>
      </object_component>
      <object_component id="oc-1ca">
         <name>.debug_info</name>
         <load_address>0x5e4d</load_address>
         <run_address>0x5e4d</run_address>
         <size>0x1a1</size>
         <input_file_ref idref="fl-42"/>
      </object_component>
      <object_component id="oc-1d0">
         <name>.debug_info</name>
         <load_address>0x5fee</load_address>
         <run_address>0x5fee</run_address>
         <size>0x118</size>
         <input_file_ref idref="fl-4a"/>
      </object_component>
      <object_component id="oc-1d4">
         <name>.debug_info</name>
         <load_address>0x6106</load_address>
         <run_address>0x6106</run_address>
         <size>0x18d</size>
         <input_file_ref idref="fl-49"/>
      </object_component>
      <object_component id="oc-1d9">
         <name>.debug_info</name>
         <load_address>0x6293</load_address>
         <run_address>0x6293</run_address>
         <size>0x1a6</size>
         <input_file_ref idref="fl-57"/>
      </object_component>
      <object_component id="oc-1db">
         <name>.debug_info</name>
         <load_address>0x6439</load_address>
         <run_address>0x6439</run_address>
         <size>0x155</size>
         <input_file_ref idref="fl-5d"/>
      </object_component>
      <object_component id="oc-1e0">
         <name>.debug_info</name>
         <load_address>0x658e</load_address>
         <run_address>0x658e</run_address>
         <size>0x174</size>
         <input_file_ref idref="fl-5d"/>
      </object_component>
      <object_component id="oc-1e5">
         <name>.debug_info</name>
         <load_address>0x6702</load_address>
         <run_address>0x6702</run_address>
         <size>0x120</size>
         <input_file_ref idref="fl-5c"/>
      </object_component>
      <object_component id="oc-1eb">
         <name>.debug_info</name>
         <load_address>0x6822</load_address>
         <run_address>0x6822</run_address>
         <size>0x1e7</size>
         <input_file_ref idref="fl-5a"/>
      </object_component>
      <object_component id="oc-1ec">
         <name>.debug_info</name>
         <load_address>0x6a09</load_address>
         <run_address>0x6a09</run_address>
         <size>0xbb</size>
         <input_file_ref idref="fl-55"/>
      </object_component>
      <object_component id="oc-1fa">
         <name>.debug_info</name>
         <load_address>0x6ac4</load_address>
         <run_address>0x6ac4</run_address>
         <size>0xad</size>
         <input_file_ref idref="fl-49"/>
      </object_component>
      <object_component id="oc-1ff">
         <name>.debug_info</name>
         <load_address>0x6b71</load_address>
         <run_address>0x6b71</run_address>
         <size>0x120</size>
         <input_file_ref idref="fl-49"/>
      </object_component>
      <object_component id="oc-204">
         <name>.debug_info</name>
         <load_address>0x6c91</load_address>
         <run_address>0x6c91</run_address>
         <size>0x2c</size>
         <input_file_ref idref="fl-49"/>
      </object_component>
      <object_component id="oc-20d">
         <name>.debug_info</name>
         <load_address>0x6cbd</load_address>
         <run_address>0x6cbd</run_address>
         <size>0x14c</size>
         <input_file_ref idref="fl-42"/>
      </object_component>
      <object_component id="oc-212">
         <name>.debug_info</name>
         <load_address>0x6e09</load_address>
         <run_address>0x6e09</run_address>
         <size>0xe3</size>
         <input_file_ref idref="fl-4e"/>
      </object_component>
      <object_component id="oc-21f">
         <name>.debug_info</name>
         <load_address>0x6eec</load_address>
         <run_address>0x6eec</run_address>
         <size>0xb3</size>
         <input_file_ref idref="fl-5d"/>
      </object_component>
      <object_component id="oc-221">
         <name>.debug_info</name>
         <load_address>0x6f9f</load_address>
         <run_address>0x6f9f</run_address>
         <size>0xe5</size>
         <input_file_ref idref="fl-5d"/>
      </object_component>
      <object_component id="oc-22a">
         <name>.debug_info</name>
         <load_address>0x7084</load_address>
         <run_address>0x7084</run_address>
         <size>0x197</size>
         <input_file_ref idref="fl-5e"/>
      </object_component>
      <object_component id="oc-22f">
         <name>.debug_info</name>
         <load_address>0x721b</load_address>
         <run_address>0x721b</run_address>
         <size>0xb4</size>
         <input_file_ref idref="fl-45"/>
      </object_component>
      <object_component id="oc-234">
         <name>.debug_info</name>
         <load_address>0x72cf</load_address>
         <run_address>0x72cf</run_address>
         <size>0x1b0</size>
         <input_file_ref idref="fl-53"/>
      </object_component>
      <object_component id="oc-239">
         <name>.debug_info</name>
         <load_address>0x747f</load_address>
         <run_address>0x747f</run_address>
         <size>0x15d</size>
         <input_file_ref idref="fl-53"/>
      </object_component>
      <object_component id="oc-23e">
         <name>.debug_info</name>
         <load_address>0x75dc</load_address>
         <run_address>0x75dc</run_address>
         <size>0x19f</size>
         <input_file_ref idref="fl-53"/>
      </object_component>
      <object_component id="oc-243">
         <name>.debug_info</name>
         <load_address>0x777b</load_address>
         <run_address>0x777b</run_address>
         <size>0x1a1</size>
         <input_file_ref idref="fl-53"/>
      </object_component>
      <object_component id="oc-248">
         <name>.debug_info</name>
         <load_address>0x791c</load_address>
         <run_address>0x791c</run_address>
         <size>0x1ec</size>
         <input_file_ref idref="fl-53"/>
      </object_component>
      <object_component id="oc-24d">
         <name>.debug_info</name>
         <load_address>0x7b08</load_address>
         <run_address>0x7b08</run_address>
         <size>0x165</size>
         <input_file_ref idref="fl-53"/>
      </object_component>
      <object_component id="oc-252">
         <name>.debug_info</name>
         <load_address>0x7c6d</load_address>
         <run_address>0x7c6d</run_address>
         <size>0x1d7</size>
         <input_file_ref idref="fl-53"/>
      </object_component>
      <object_component id="oc-25a">
         <name>.debug_info</name>
         <load_address>0x7e44</load_address>
         <run_address>0x7e44</run_address>
         <size>0xd4</size>
         <input_file_ref idref="fl-46"/>
      </object_component>
      <object_component id="oc-267">
         <name>.debug_info</name>
         <load_address>0x7f18</load_address>
         <run_address>0x7f18</run_address>
         <size>0x138</size>
         <input_file_ref idref="fl-49"/>
      </object_component>
      <object_component id="oc-26d">
         <name>.debug_info</name>
         <load_address>0x8050</load_address>
         <run_address>0x8050</run_address>
         <size>0x152</size>
         <input_file_ref idref="fl-49"/>
      </object_component>
      <object_component id="oc-272">
         <name>.debug_info</name>
         <load_address>0x81a2</load_address>
         <run_address>0x81a2</run_address>
         <size>0x227</size>
         <input_file_ref idref="fl-5e"/>
      </object_component>
      <object_component id="oc-276">
         <name>.debug_info</name>
         <load_address>0x83c9</load_address>
         <run_address>0x83c9</run_address>
         <size>0x261</size>
         <input_file_ref idref="fl-53"/>
      </object_component>
      <object_component id="oc-27c">
         <name>.debug_info</name>
         <load_address>0x862a</load_address>
         <run_address>0x862a</run_address>
         <size>0x189</size>
         <input_file_ref idref="fl-54"/>
      </object_component>
      <object_component id="oc-282">
         <name>.debug_info</name>
         <load_address>0x87b3</load_address>
         <run_address>0x87b3</run_address>
         <size>0x144</size>
         <input_file_ref idref="fl-54"/>
      </object_component>
      <object_component id="oc-2a6">
         <name>.debug_info</name>
         <load_address>0x88f7</load_address>
         <run_address>0x88f7</run_address>
         <size>0xd9</size>
         <input_file_ref idref="fl-59"/>
      </object_component>
      <object_component id="oc-2b3">
         <name>.debug_info</name>
         <load_address>0x89d0</load_address>
         <run_address>0x89d0</run_address>
         <size>0xd9</size>
         <input_file_ref idref="fl-58"/>
      </object_component>
      <object_component id="oc-2bf">
         <name>.debug_info</name>
         <load_address>0x8aa9</load_address>
         <run_address>0x8aa9</run_address>
         <size>0x169</size>
         <input_file_ref idref="fl-5b"/>
      </object_component>
      <object_component id="oc-2cb">
         <name>.debug_info</name>
         <load_address>0x8c12</load_address>
         <run_address>0x8c12</run_address>
         <size>0x18b</size>
         <input_file_ref idref="fl-49"/>
      </object_component>
      <object_component id="oc-2d5">
         <name>.debug_info</name>
         <load_address>0x8d9d</load_address>
         <run_address>0x8d9d</run_address>
         <size>0xb0</size>
         <input_file_ref idref="fl-54"/>
      </object_component>
      <object_component id="oc-2d7">
         <name>.debug_info</name>
         <load_address>0x8e4d</load_address>
         <run_address>0x8e4d</run_address>
         <size>0x13d</size>
         <input_file_ref idref="fl-54"/>
      </object_component>
      <object_component id="oc-2dc">
         <name>.debug_info</name>
         <load_address>0x8f8a</load_address>
         <run_address>0x8f8a</run_address>
         <size>0x11c</size>
         <input_file_ref idref="fl-5b"/>
      </object_component>
      <object_component id="oc-2de">
         <name>.debug_info</name>
         <load_address>0x90a6</load_address>
         <run_address>0x90a6</run_address>
         <size>0x173</size>
         <input_file_ref idref="fl-4f"/>
      </object_component>
      <object_component id="oc-2e3">
         <name>.debug_info</name>
         <load_address>0x9219</load_address>
         <run_address>0x9219</run_address>
         <size>0x182</size>
         <input_file_ref idref="fl-52"/>
      </object_component>
      <object_component id="oc-2e8">
         <name>.debug_info</name>
         <load_address>0x939b</load_address>
         <run_address>0x939b</run_address>
         <size>0x132</size>
         <input_file_ref idref="fl-49"/>
      </object_component>
      <object_component id="oc-2f4">
         <name>.debug_info</name>
         <load_address>0x94cd</load_address>
         <run_address>0x94cd</run_address>
         <size>0x11c</size>
         <input_file_ref idref="fl-4f"/>
      </object_component>
      <object_component id="oc-2f6">
         <name>.debug_info</name>
         <load_address>0x95e9</load_address>
         <run_address>0x95e9</run_address>
         <size>0x11d</size>
         <input_file_ref idref="fl-52"/>
      </object_component>
      <object_component id="oc-2f8">
         <name>.debug_info</name>
         <load_address>0x9706</load_address>
         <run_address>0x9706</run_address>
         <size>0x17e</size>
         <input_file_ref idref="fl-50"/>
      </object_component>
      <object_component id="oc-302">
         <name>.debug_info</name>
         <load_address>0x9884</load_address>
         <run_address>0x9884</run_address>
         <size>0x10c</size>
         <input_file_ref idref="fl-50"/>
      </object_component>
      <object_component id="oc-373">
         <name>.debug_info</name>
         <load_address>0x9990</load_address>
         <run_address>0x9990</run_address>
         <size>0x9f</size>
      </object_component>
      <object_component id="oc-74">
         <name>.debug_line</name>
         <load_address>0x0</load_address>
         <run_address>0x0</run_address>
         <size>0x44</size>
         <input_file_ref idref="fl-22"/>
      </object_component>
      <object_component id="oc-86">
         <name>.debug_line</name>
         <load_address>0x44</load_address>
         <run_address>0x44</run_address>
         <size>0x50</size>
         <input_file_ref idref="fl-23"/>
      </object_component>
      <object_component id="oc-8b">
         <name>.debug_line</name>
         <load_address>0x94</load_address>
         <run_address>0x94</run_address>
         <size>0x4a</size>
         <input_file_ref idref="fl-25"/>
      </object_component>
      <object_component id="oc-90">
         <name>.debug_line</name>
         <load_address>0xde</load_address>
         <run_address>0xde</run_address>
         <size>0x4c</size>
         <input_file_ref idref="fl-24"/>
      </object_component>
      <object_component id="oc-9a">
         <name>.debug_line</name>
         <load_address>0x12a</load_address>
         <run_address>0x12a</run_address>
         <size>0x3c</size>
         <input_file_ref idref="fl-3e"/>
      </object_component>
      <object_component id="oc-9e">
         <name>.debug_line</name>
         <load_address>0x166</load_address>
         <run_address>0x166</run_address>
         <size>0x3e</size>
         <input_file_ref idref="fl-3f"/>
      </object_component>
      <object_component id="oc-a3">
         <name>.debug_line</name>
         <load_address>0x1a4</load_address>
         <run_address>0x1a4</run_address>
         <size>0x6c</size>
         <input_file_ref idref="fl-44"/>
      </object_component>
      <object_component id="oc-a8">
         <name>.debug_line</name>
         <load_address>0x210</load_address>
         <run_address>0x210</run_address>
         <size>0x45</size>
         <input_file_ref idref="fl-2"/>
      </object_component>
      <object_component id="oc-ad">
         <name>.debug_line</name>
         <load_address>0x255</load_address>
         <run_address>0x255</run_address>
         <size>0x4a</size>
         <input_file_ref idref="fl-27"/>
      </object_component>
      <object_component id="oc-b3">
         <name>.debug_line</name>
         <load_address>0x29f</load_address>
         <run_address>0x29f</run_address>
         <size>0x52</size>
         <input_file_ref idref="fl-26"/>
      </object_component>
      <object_component id="oc-b8">
         <name>.debug_line</name>
         <load_address>0x2f1</load_address>
         <run_address>0x2f1</run_address>
         <size>0x3a</size>
         <input_file_ref idref="fl-23"/>
      </object_component>
      <object_component id="oc-bf">
         <name>.debug_line</name>
         <load_address>0x32b</load_address>
         <run_address>0x32b</run_address>
         <size>0x34</size>
         <input_file_ref idref="fl-25"/>
      </object_component>
      <object_component id="oc-c5">
         <name>.debug_line</name>
         <load_address>0x35f</load_address>
         <run_address>0x35f</run_address>
         <size>0x85</size>
         <input_file_ref idref="fl-24"/>
      </object_component>
      <object_component id="oc-cc">
         <name>.debug_line</name>
         <load_address>0x3e4</load_address>
         <run_address>0x3e4</run_address>
         <size>0x39</size>
         <input_file_ref idref="fl-24"/>
      </object_component>
      <object_component id="oc-d0">
         <name>.debug_line</name>
         <load_address>0x41d</load_address>
         <run_address>0x41d</run_address>
         <size>0x2a</size>
         <input_file_ref idref="fl-22"/>
      </object_component>
      <object_component id="oc-d3">
         <name>.debug_line</name>
         <load_address>0x447</load_address>
         <run_address>0x447</run_address>
         <size>0x20</size>
         <input_file_ref idref="fl-2"/>
      </object_component>
      <object_component id="oc-d7">
         <name>.debug_line</name>
         <load_address>0x467</load_address>
         <run_address>0x467</run_address>
         <size>0x2c</size>
         <input_file_ref idref="fl-5d"/>
      </object_component>
      <object_component id="oc-e0">
         <name>.debug_line</name>
         <load_address>0x493</load_address>
         <run_address>0x493</run_address>
         <size>0x49</size>
         <input_file_ref idref="fl-40"/>
      </object_component>
      <object_component id="oc-ed">
         <name>.debug_line</name>
         <load_address>0x4dc</load_address>
         <run_address>0x4dc</run_address>
         <size>0x3a</size>
         <input_file_ref idref="fl-27"/>
      </object_component>
      <object_component id="oc-f4">
         <name>.debug_line</name>
         <load_address>0x516</load_address>
         <run_address>0x516</run_address>
         <size>0x3a</size>
         <input_file_ref idref="fl-23"/>
      </object_component>
      <object_component id="oc-f6">
         <name>.debug_line</name>
         <load_address>0x550</load_address>
         <run_address>0x550</run_address>
         <size>0x20</size>
         <input_file_ref idref="fl-25"/>
      </object_component>
      <object_component id="oc-f9">
         <name>.debug_line</name>
         <load_address>0x570</load_address>
         <run_address>0x570</run_address>
         <size>0x20</size>
         <input_file_ref idref="fl-24"/>
      </object_component>
      <object_component id="oc-fb">
         <name>.debug_line</name>
         <load_address>0x590</load_address>
         <run_address>0x590</run_address>
         <size>0x73</size>
         <input_file_ref idref="fl-5d"/>
      </object_component>
      <object_component id="oc-fe">
         <name>.debug_line</name>
         <load_address>0x603</load_address>
         <run_address>0x603</run_address>
         <size>0x44</size>
         <input_file_ref idref="fl-48"/>
      </object_component>
      <object_component id="oc-103">
         <name>.debug_line</name>
         <load_address>0x647</load_address>
         <run_address>0x647</run_address>
         <size>0x2c</size>
         <input_file_ref idref="fl-5d"/>
      </object_component>
      <object_component id="oc-107">
         <name>.debug_line</name>
         <load_address>0x673</load_address>
         <run_address>0x673</run_address>
         <size>0x2e</size>
         <input_file_ref idref="fl-44"/>
      </object_component>
      <object_component id="oc-10a">
         <name>.debug_line</name>
         <load_address>0x6a1</load_address>
         <run_address>0x6a1</run_address>
         <size>0x2e</size>
         <input_file_ref idref="fl-44"/>
      </object_component>
      <object_component id="oc-111">
         <name>.debug_line</name>
         <load_address>0x6cf</load_address>
         <run_address>0x6cf</run_address>
         <size>0x3c</size>
         <input_file_ref idref="fl-40"/>
      </object_component>
      <object_component id="oc-116">
         <name>.debug_line</name>
         <load_address>0x70b</load_address>
         <run_address>0x70b</run_address>
         <size>0x3c</size>
         <input_file_ref idref="fl-40"/>
      </object_component>
      <object_component id="oc-11b">
         <name>.debug_line</name>
         <load_address>0x747</load_address>
[...]
         <value>0x63e</value>
      </symbol>
      <symbol id="sm-2e4">
         <name>WDTCTL</name>
         <value>0x15c</value>
      </symbol>
      <symbol id="sm-2e5">
         <name>WDTCTL_L</name>
         <value>0x15c</value>
      </symbol>
      <symbol id="sm-2e6">
         <name>WDTCTL_H</name>
         <value>0x15d</value>
      </symbol>
      <symbol id="sm-2e7">
         <name>__TI_CINIT_Base</name>
         <value>0x5562</value>
      </symbol>
      <symbol id="sm-2e8">
         <name>__TI_CINIT_Limit</name>
         <value>0x557a</value>
      </symbol>
      <symbol id="sm-2e9">
         <name>__TI_Handler_Table_Base</name>
         <value>0x554a</value>
      </symbol>
      <symbol id="sm-2ea">
         <name>__TI_Handler_Table_Limit</name>
         <value>0x5556</value>
      </symbol>
      <symbol id="sm-2eb">
         <name>binit</name>
         <value>0xffffffff</value>
      </symbol>
      <symbol id="sm-2ec">
         <name>__binit__</name>
         <value>0xffffffff</value>
      </symbol>
      <symbol id="sm-2ed">
         <name>__STACK_SIZE</name>
         <value>0xa0</value>
      </symbol>
      <symbol id="sm-2ee">
         <name>__STACK_END</name>
         <value>0x4400</value>
      </symbol>
      <symbol id="sm-2ef">
         <name>__SYSMEM_SIZE</name>
         <value>0x140</value>
      </symbol>
      <symbol id="sm-2f0">
         <name>__c_args__</name>
         <value>0xffffffff</value>
      </symbol>
      <symbol id="sm-361">
         <name>main</name>
         <value>0x5404</value>
         <object_component_ref idref="oc-a6"/>
      </symbol>
      <symbol id="sm-372">
         <name>__TI_cleanup_ptr</name>
         <value>0x282c</value>
      </symbol>
      <symbol id="sm-373">
         <name>__TI_dtors_ptr</name>
         <value>0x2830</value>
      </symbol>
      <symbol id="sm-374">
         <name>_c_int00</name>
         <value>0x4422</value>
         <object_component_ref idref="oc-72"/>
      </symbol>
      <symbol id="sm-375">
         <name>_stack</name>
         <value>0x4360</value>
         <object_component_ref idref="oc-93"/>
      </symbol>
      <symbol id="sm-376">
         <name>_c_int00_noargs</name>
         <value>0x4422</value>
         <object_component_ref idref="oc-72"/>
      </symbol>
      <symbol id="sm-377">
         <name>_reset_vector</name>
         <value>0xfffe</value>
         <object_component_ref idref="oc-95"/>
      </symbol>
      <symbol id="sm-387">
         <name>__TI_decompress_none</name>
         <value>0x51a4</value>
         <object_component_ref idref="oc-84"/>
      </symbol>
      <symbol id="sm-3a9">
         <name>__TI_decompress_rle24</name>
         <value>0x54c2</value>
         <object_component_ref idref="oc-8e"/>
      </symbol>
      <symbol id="sm-3bb">
         <name>__TI_zero_init</name>
         <value>0x50ea</value>
         <object_component_ref idref="oc-89"/>
      </symbol>
      <symbol id="sm-3c5">
         <name>__memcpy_far</name>
         <value>0x502a</value>
         <object_component_ref idref="oc-b1"/>
      </symbol>
      <symbol id="sm-3d9">
         <name>C$$EXIT</name>
         <value>0x54f2</value>
         <object_component_ref idref="oc-eb"/>
      </symbol>
      <symbol id="sm-3da">
         <name>abort</name>
         <value>0x54f2</value>
         <object_component_ref idref="oc-eb"/>
      </symbol>
      <symbol id="sm-3db">
         <name>exit</name>
         <value>0x52a6</value>
         <object_component_ref idref="oc-ab"/>
      </symbol>
      <symbol id="sm-3de">
         <name>__TI_int41</name>
         <value>0xffd2</value>
         <object_component_ref idref="oc-69"/>
      </symbol>
      <symbol id="sm-3e1">
         <name>__TI_int42</name>
         <value>0xffd4</value>
         <object_component_ref idref="oc-6a"/>
      </symbol>
      <symbol id="sm-3e4">
         <name>__TI_int43</name>
         <value>0xffd6</value>
         <object_component_ref idref="oc-6b"/>
      </symbol>
      <symbol id="sm-3e7">
         <name>__TI_int44</name>
         <value>0xffd8</value>
         <object_component_ref idref="oc-6c"/>
      </symbol>
      <symbol id="sm-3ea">
         <name>__TI_int45</name>
         <value>0xffda</value>
         <object_component_ref idref="oc-6d"/>
      </symbol>
      <symbol id="sm-3ed">
         <name>__TI_int46</name>
         <value>0xffdc</value>
         <object_component_ref idref="oc-6e"/>
      </symbol>
      <symbol id="sm-3f0">
         <name>__TI_int47</name>
         <value>0xffde</value>
         <object_component_ref idref="oc-6f"/>
      </symbol>
      <symbol id="sm-3f3">
         <name>__TI_int48</name>
         <value>0xffe0</value>
         <object_component_ref idref="oc-70"/>
      </symbol>
      <symbol id="sm-3f6">
         <name>__TI_int49</name>
         <value>0xffe2</value>
         <object_component_ref idref="oc-71"/>
      </symbol>
      <symbol id="sm-3f9">
         <name>__TI_int50</name>
         <value>0xffe4</value>
         <object_component_ref idref="oc-77"/>
      </symbol>
      <symbol id="sm-3fc">
         <name>__TI_int51</name>
         <value>0xffe6</value>
         <object_component_ref idref="oc-78"/>
      </symbol>
      <symbol id="sm-3ff">
         <name>__TI_int52</name>
         <value>0xffe8</value>
         <object_component_ref idref="oc-79"/>
      </symbol>
      <symbol id="sm-402">
         <name>__TI_int53</name>
         <value>0xffea</value>
         <object_component_ref idref="oc-7a"/>
      </symbol>
      <symbol id="sm-405">
         <name>__TI_int54</name>
         <value>0xffec</value>
         <object_component_ref idref="oc-7b"/>
      </symbol>
      <symbol id="sm-408">
         <name>__TI_int55</name>
         <value>0xffee</value>
         <object_component_ref idref="oc-7c"/>
      </symbol>
      <symbol id="sm-40b">
         <name>__TI_int56</name>
         <value>0xfff0</value>
         <object_component_ref idref="oc-7d"/>
      </symbol>
      <symbol id="sm-40e">
         <name>__TI_int57</name>
         <value>0xfff2</value>
         <object_component_ref idref="oc-7e"/>
      </symbol>
      <symbol id="sm-411">
         <name>__TI_int58</name>
         <value>0xfff4</value>
         <object_component_ref idref="oc-7f"/>
      </symbol>
      <symbol id="sm-414">
         <name>__TI_int59</name>
         <value>0xfff6</value>
         <object_component_ref idref="oc-80"/>
      </symbol>
      <symbol id="sm-417">
         <name>__TI_int60</name>
         <value>0xfff8</value>
         <object_component_ref idref="oc-81"/>
      </symbol>
      <symbol id="sm-41a">
         <name>__TI_int61</name>
         <value>0xfffa</value>
         <object_component_ref idref="oc-82"/>
      </symbol>
      <symbol id="sm-41d">
         <name>__TI_int62</name>
         <value>0xfffc</value>
         <object_component_ref idref="oc-83"/>
      </symbol>
      <symbol id="sm-424">
         <name>__TI_ISR_TRAP</name>
         <value>0x54de</value>
         <object_component_ref idref="oc-98"/>
      </symbol>
      <symbol id="sm-42c">
         <name>_system_pre_init</name>
         <value>0x54ee</value>
         <object_component_ref idref="oc-9c"/>
      </symbol>
      <symbol id="sm-44c">
         <name>printf</name>
         <value>0x50aa</value>
         <object_component_ref idref="oc-de"/>
      </symbol>
      <symbol id="sm-45b">
         <name>_nop</name>
         <value>0x54f6</value>
         <object_component_ref idref="oc-120"/>
      </symbol>
      <symbol id="sm-45c">
         <name>_lock</name>
         <value>0x2658</value>
         <object_component_ref idref="oc-e4"/>
      </symbol>
      <symbol id="sm-45d">
         <name>_unlock</name>
         <value>0x265c</value>
         <object_component_ref idref="oc-e4"/>
      </symbol>
      <symbol id="sm-4c2">
         <name>__TI_printfi_minimal</name>
         <value>0x47ce</value>
         <object_component_ref idref="oc-119"/>
      </symbol>
      <symbol id="sm-4d8">
         <name>_auto_init</name>
         <value>0x4b40</value>
         <object_component_ref idref="oc-a1"/>
      </symbol>
      <symbol id="sm-4e5">
         <name>__TI_tmpnams</name>
         <value>0x2784</value>
      </symbol>
      <symbol id="sm-4e6">
         <name>_ftable</name>
         <value>0x25b8</value>
         <object_component_ref idref="oc-10d"/>
      </symbol>
      <symbol id="sm-4e7">
         <name>__TI_ft_end</name>
         <value>0x2660</value>
         <object_component_ref idref="oc-22e"/>
      </symbol>
      <symbol id="sm-4f0">
         <name>__mspabi_remu</name>
         <value>0x544c</value>
         <object_component_ref idref="oc-258"/>
      </symbol>
      <symbol id="sm-4f1">
         <name>__mspabi_divu</name>
         <value>0x544c</value>
         <object_component_ref idref="oc-258"/>
      </symbol>
      <symbol id="sm-503">
         <name>fputc</name>
         <value>0x4934</value>
         <object_component_ref idref="oc-13b"/>
      </symbol>
      <symbol id="sm-51f">
         <name>fputs</name>
         <value>0x454c</value>
         <object_component_ref idref="oc-135"/>
      </symbol>
      <symbol id="sm-56d">
         <name>lseek</name>
         <value>0x5384</value>
         <object_component_ref idref="oc-1d3"/>
      </symbol>
      <symbol id="sm-56e">
         <name>write</name>
         <value>0x53aa</value>
         <object_component_ref idref="oc-17c"/>
      </symbol>
      <symbol id="sm-56f">
         <name>close</name>
         <value>0x4f5a</value>
         <object_component_ref idref="oc-266"/>
      </symbol>
      <symbol id="sm-570">
         <name>unlink</name>
         <value>0x535a</value>
         <object_component_ref idref="oc-26c"/>
      </symbol>
      <symbol id="sm-57e">
         <name>memccpy</name>
         <value>0x53ce</value>
         <object_component_ref idref="oc-192"/>
      </symbol>
      <symbol id="sm-58c">
         <name>memchr</name>
         <value>0x5478</value>
         <object_component_ref idref="oc-16d"/>
      </symbol>
      <symbol id="sm-599">
         <name>memcpy</name>
         <value>0x54a0</value>
         <object_component_ref idref="oc-172"/>
      </symbol>
      <symbol id="sm-5a6">
         <name>memset</name>
         <value>0x548c</value>
         <object_component_ref idref="oc-187"/>
      </symbol>
      <symbol id="sm-5ad">
         <name>__mspabi_mpyi_f5hw</name>
         <value>0x5462</value>
         <object_component_ref idref="oc-211"/>
      </symbol>
      <symbol id="sm-5bb">
         <name>strchr</name>
         <value>0x541c</value>
         <object_component_ref idref="oc-2dd"/>
      </symbol>
      <symbol id="sm-5c8">
         <name>strcmp</name>
         <value>0x5434</value>
         <object_component_ref idref="oc-2f7"/>
      </symbol>
      <symbol id="sm-5d4">
         <name>strlen</name>
         <value>0x54d0</value>
         <object_component_ref idref="oc-141"/>
      </symbol>
      <symbol id="sm-5e3">
         <name>strncpy</name>
         <value>0x532e</value>
         <object_component_ref idref="oc-2e2"/>
      </symbol>
      <symbol id="sm-616">
         <name>HOSTrename</name>
         <value>0x4bb0</value>
         <object_component_ref idref="oc-251"/>
      </symbol>
      <symbol id="sm-617">
         <name>HOSTclose</name>
         <value>0x4fa4</value>
         <object_component_ref idref="oc-238"/>
      </symbol>
      <symbol id="sm-618">
         <name>HOSTunlink</name>
         <value>0x4fe8</value>
         <object_component_ref idref="oc-24c"/>
      </symbol>
      <symbol id="sm-619">
         <name>HOSTlseek</name>
         <value>0x49c0</value>
         <object_component_ref idref="oc-247"/>
      </symbol>
      <symbol id="sm-61a">
         <name>HOSTopen</name>
         <value>0x4cec</value>
         <object_component_ref idref="oc-233"/>
      </symbol>
      <symbol id="sm-61b">
         <name>HOSTwrite</name>
         <value>0x4db0</value>
         <object_component_ref idref="oc-242"/>
      </symbol>
      <symbol id="sm-61c">
         <name>HOSTread</name>
         <value>0x4e0e</value>
         <object_component_ref idref="oc-23d"/>
      </symbol>
      <symbol id="sm-637">
         <name>__TI_readmsg</name>
         <value>0x5302</value>
         <object_component_ref idref="oc-281"/>
      </symbol>
      <symbol id="sm-638">
         <name>C$$IO$$</name>
         <value>0x5274</value>
         <object_component_ref idref="oc-27b"/>
      </symbol>
      <symbol id="sm-639">
         <name>_CIOBUF_</name>
         <value>0x2664</value>
         <object_component_ref idref="oc-2d4"/>
      </symbol>
      <symbol id="sm-63a">
         <name>__TI_writemsg</name>
         <value>0x524a</value>
         <object_component_ref idref="oc-27b"/>
      </symbol>
      <symbol id="sm-651">
         <name>__TI_wrt_ok</name>
         <value>0x4ac6</value>
         <object_component_ref idref="oc-168"/>
      </symbol>
      <symbol id="sm-661">
         <name>__TI_doflush</name>
         <value>0x4d4e</value>
         <object_component_ref idref="oc-177"/>
      </symbol>
      <symbol id="sm-670">
         <name>fseek</name>
         <value>0x4c1a</value>
         <object_component_ref idref="oc-1a6"/>
      </symbol>
      <symbol id="sm-677">
         <name>__mspabi_slll_9</name>
         <value>0x5140</value>
         <object_component_ref idref="oc-2b1"/>
      </symbol>
      <symbol id="sm-678">
         <name>__mspabi_slll_8</name>
         <value>0x5144</value>
         <object_component_ref idref="oc-2b1"/>
      </symbol>
      <symbol id="sm-679">
         <name>__mspabi_slll_7</name>
         <value>0x5148</value>
         <object_component_ref idref="oc-2b1"/>
      </symbol>
      <symbol id="sm-67a">
         <name>__mspabi_slll_6</name>
         <value>0x514c</value>
         <object_component_ref idref="oc-2b1"/>
      </symbol>
      <symbol id="sm-67b">
         <name>__mspabi_slll_5</name>
         <value>0x5150</value>
         <object_component_ref idref="oc-2b1"/>
      </symbol>
      <symbol id="sm-67c">
         <name>__mspabi_slll_4</name>
         <value>0x5154</value>
         <object_component_ref idref="oc-2b1"/>
      </symbol>
      <symbol id="sm-67d">
         <name>__mspabi_slll_3</name>
         <value>0x5158</value>
         <object_component_ref idref="oc-2b1"/>
      </symbol>
      <symbol id="sm-67e">
         <name>__mspabi_slll_2</name>
         <value>0x515c</value>
         <object_component_ref idref="oc-2b1"/>
      </symbol>
      <symbol id="sm-67f">
         <name>__mspabi_slll_1</name>
         <value>0x5160</value>
         <object_component_ref idref="oc-2b1"/>
      </symbol>
      <symbol id="sm-680">
         <name>__mspabi_slll_15</name>
         <value>0x5128</value>
         <object_component_ref idref="oc-2b1"/>
      </symbol>
      <symbol id="sm-681">
         <name>__mspabi_slll_14</name>
         <value>0x512c</value>
         <object_component_ref idref="oc-2b1"/>
      </symbol>
      <symbol id="sm-682">
         <name>__mspabi_slll_13</name>
         <value>0x5130</value>
         <object_component_ref idref="oc-2b1"/>
      </symbol>
      <symbol id="sm-683">
         <name>__mspabi_slll_12</name>
         <value>0x5134</value>
         <object_component_ref idref="oc-2b1"/>
      </symbol>
      <symbol id="sm-684">
         <name>__mspabi_slll_11</name>
         <value>0x5138</value>
         <object_component_ref idref="oc-2b1"/>
      </symbol>
      <symbol id="sm-685">
         <name>__mspabi_slll_10</name>
         <value>0x513c</value>
         <object_component_ref idref="oc-2b1"/>
      </symbol>
      <symbol id="sm-68c">
         <name>__mspabi_srll_8</name>
         <value>0x5182</value>
         <object_component_ref idref="oc-2a5"/>
      </symbol>
      <symbol id="sm-68d">
         <name>__mspabi_srll_9</name>
         <value>0x517e</value>
         <object_component_ref idref="oc-2a5"/>
      </symbol>
      <symbol id="sm-68e">
         <name>__mspabi_srll_6</name>
         <value>0x518a</value>
         <object_component_ref idref="oc-2a5"/>
      </symbol>
      <symbol id="sm-68f">
         <name>__mspabi_srll_7</name>
         <value>0x5186</value>
         <object_component_ref idref="oc-2a5"/>
      </symbol>
      <symbol id="sm-690">
         <name>__mspabi_srll_4</name>
         <value>0x5192</value>
         <object_component_ref idref="oc-2a5"/>
      </symbol>
      <symbol id="sm-691">
         <name>__mspabi_srll_5</name>
         <value>0x518e</value>
         <object_component_ref idref="oc-2a5"/>
      </symbol>
      <symbol id="sm-692">
         <name>__mspabi_srll_2</name>
         <value>0x519a</value>
         <object_component_ref idref="oc-2a5"/>
      </symbol>
      <symbol id="sm-693">
         <name>__mspabi_srll_3</name>
         <value>0x5196</value>
         <object_component_ref idref="oc-2a5"/>
      </symbol>
      <symbol id="sm-694">
         <name>__mspabi_srll_1</name>
         <value>0x519e</value>
         <object_component_ref idref="oc-2a5"/>
      </symbol>
      <symbol id="sm-695">
         <name>__mspabi_srll_15</name>
         <value>0x5166</value>
         <object_component_ref idref="oc-2a5"/>
      </symbol>
      <symbol id="sm-696">
         <name>__mspabi_srll_14</name>
         <value>0x516a</value>
         <object_component_ref idref="oc-2a5"/>
      </symbol>
      <symbol id="sm-697">
         <name>__mspabi_srll_13</name>
         <value>0x516e</value>
         <object_component_ref idref="oc-2a5"/>
      </symbol>
      <symbol id="sm-698">
         <name>__mspabi_srll_12</name>
         <value>0x5172</value>
         <object_component_ref idref="oc-2a5"/>
      </symbol>
      <symbol id="sm-699">
         <name>__mspabi_srll_11</name>
         <value>0x5176</value>
         <object_component_ref idref="oc-2a5"/>
      </symbol>
      <symbol id="sm-69a">
         <name>__mspabi_srll_10</name>
         <value>0x517a</value>
         <object_component_ref idref="oc-2a5"/>
      </symbol>
      <symbol id="sm-6b1">
         <name>setvbuf</name>
         <value>0x4702</value>
         <object_component_ref idref="oc-1ab"/>
      </symbol>
      <symbol id="sm-6bd">
         <name>strcpy</name>
         <value>0x54b2</value>
         <object_component_ref idref="oc-2be"/>
      </symbol>
      <symbol id="sm-6c8">
         <name>__TI_cleanup</name>
         <value>0x5218</value>
         <object_component_ref idref="oc-1e4"/>
      </symbol>
      <symbol id="sm-70e">
         <name>_sys_memory</name>
         <value>0x2400</value>
         <object_component_ref idref="oc-96"/>
      </symbol>
      <symbol id="sm-70f">
         <name>free</name>
         <value>0x4a46</value>
         <object_component_ref idref="oc-1da"/>
      </symbol>
      <symbol id="sm-710">
         <name>malloc</name>
         <value>0x488e</value>
         <object_component_ref idref="oc-1df"/>
      </symbol>
      <symbol id="sm-711">
         <name>minit</name>
         <value>0x51e0</value>
         <object_component_ref idref="oc-220"/>
      </symbol>
      <symbol id="sm-721">
         <name>__TI_closefile</name>
         <value>0x4c84</value>
         <object_component_ref idref="oc-229"/>
      </symbol>
      <symbol id="sm-723">
         <name>__TI_exit</name>
         <value>0x1</value>
      </symbol>
      <symbol id="sm-724">
         <name>__TI_args_main</name>
         <value>0x1</value>
      </symbol>
      <symbol id="sm-725">
         <name>__TI_INITARRAY_Base</name>
         <value>0x0</value>
      </symbol>
      <symbol id="sm-726">
         <name>__TI_INITARRAY_Limit</name>
         <value>0x0</value>
      </symbol>
      <symbol id="sm-729">
         <name>remove</name>
         <value>0x535a</value>
      </symbol>
   </symbol_table>
   <title>Link successful</title>
</link_info>
